; Field mappings for in solr index.
field_adlib_dim_presentation = dimensions_presentation
field_adlib_material = material
field_adlib_material_present = material_technique_presentation
field_adlib_technique = technique
field_adlib_description = description
field_adlib_object_name = object_name
field_adlib_title_short_desc = title_short_description
title = title
field_adlib_title = title
field_adlib_acquisition_date = acquisition_date
field_adlib_inscription_date = inscription_date
field_adlib_prod_date_end = production_date_end
field_adlib_prod_date_present = production_date_presentation
field_adlib_prod_date_start = production_date_start
field_adlib_production_period = production_period
field_adlib_acquisition_place = acquisition_place
field_adlib_prod_place_present = production_place_presentation
field_adlib_production_place = production_place
field_adlib_acquisition_source = acquisition_source
field_adlib_creation_present = creation_presentation
field_adlib_creator = creator
field_adlib_inscription_maker = inscription_maker
field_adlib_institution_name = institution_name
field_adlib_chronicle_title = chronicle_title
field_adlib_doc_title_lref = documentation_title_lref
field_adlib_documentation_title = documentation_title
field_adlib_edit_date = edit_date
field_adlib_image = reproduction_identifier_URL
field_adlib_part_of_reference = part_of_reference
field_adlib_part_of_title = part_of_title
field_adlib_parts_reference = parts_reference
field_adlib_parts_title = parts_title
field_adlib_pid = pid  
field_adlib_rel_obj_reference = related_object_reference
field_adlib_rel_obj_title = related_object_title
field_adlib_tag = tags
field_adlib_credit_line = credit_line
field_adlib_paragraph_present = description_paragraph_presentation
field_adlib_qualific_present = description_qualification_presentation
field_adlib_production_reason = production_reason
field_adlib_repro_reference = reproduction_reference
field_adlib_how_raw = how
field_adlib_what_raw = what
field_adlib_when_raw = when
field_adlib_where_raw = where
field_adlib_who_raw = who

